// Jest Snapshot v1, https://goo.gl/fbAQLP

exports[`renders MainPage component 1`] = `ShallowWrapper {}`;
