// Jest Snapshot v1, https://goo.gl/fbAQLP

exports[`correctly searchs for new friends 1`] = `ShallowWrapper {}`;
